// Jest Snapshot v1, https://goo.gl/fbAQLP

exports[`matches snapshot 1`] = `
<DocumentFragment>
  <div
    class="footer"
  >
    2021 Â© Pirate Chicks Vintage
  </div>
</DocumentFragment>
`;
